// Jest Snapshot v1, https://goo.gl/fbAQLP

exports[`Controls renders without errors 1`] = `
<Fragment>
  <WithStyles(Button)
    color="secondary"
    onClick={[Function]}
    variant="contained"
  >
    Send Card
  </WithStyles(Button)>
  <WithStyles(Button)
    onClick={[Function]}
  >
    Reset cards
  </WithStyles(Button)>
  <WithStyles(Button)
    disabled={true}
  >
    Set estimation point
  </WithStyles(Button)>
  <styled.div>
    <Styled(WithStyles(Button))
      color="primary"
      key="0"
      onClick={[Function]}
      variant="contained"
    >
      â˜•
    </Styled(WithStyles(Button))>
    <Styled(WithStyles(Button))
      color="primary"
      key="1"
      onClick={[Function]}
      variant="contained"
    >
      0
    </Styled(WithStyles(Button))>
    <Styled(WithStyles(Button))
      color="primary"
      key="2"
      onClick={[Function]}
      variant="contained"
    >
      0.5
    </Styled(WithStyles(Button))>
    <Styled(WithStyles(Button))
      color="primary"
      key="3"
      onClick={[Function]}
      variant="contained"
    >
      1
    </Styled(WithStyles(Button))>
    <Styled(WithStyles(Button))
      color="primary"
      key="4"
      onClick={[Function]}
      variant="contained"
    >
      2
    </Styled(WithStyles(Button))>
    <Styled(WithStyles(Button))
      color="primary"
      key="5"
      onClick={[Function]}
      variant="contained"
    >
      3
    </Styled(WithStyles(Button))>
    <Styled(WithStyles(Button))
      color="primary"
      key="6"
      onClick={[Function]}
      variant="contained"
    >
      5
    </Styled(WithStyles(Button))>
    <Styled(WithStyles(Button))
      color="primary"
      key="7"
      onClick={[Function]}
      variant="contained"
    >
      8
    </Styled(WithStyles(Button))>
    <Styled(WithStyles(Button))
      color="primary"
      key="8"
      onClick={[Function]}
      variant="contained"
    >
      13
    </Styled(WithStyles(Button))>
    <Styled(WithStyles(Button))
      color="primary"
      key="9"
      onClick={[Function]}
      variant="contained"
    >
      20
    </Styled(WithStyles(Button))>
    <Styled(WithStyles(Button))
      color="primary"
      key="10"
      onClick={[Function]}
      variant="contained"
    >
      40
    </Styled(WithStyles(Button))>
    <Styled(WithStyles(Button))
      color="primary"
      key="11"
      onClick={[Function]}
      variant="contained"
    >
      100
    </Styled(WithStyles(Button))>
  </styled.div>
</Fragment>
`;
